exports[`Property should render in loading state 1`] = `
<div
  className="loader-container">
  <LoadingSpinner />
</div>
`;
